==================================== INPUT ====================================
# expected-to-throw
fragment fragmentOnQueryWithCycle_RefetchableFragment on Query
@refetchable(queryName: "RefetchableFragmentQuery")
@argumentDefinitions(id: {type: "ID!"}) {
  node(global_id: $id) {
    ... on User {
      global_id
      name
      ...fragmentOnQueryWithCycle_Profile
        @arguments(includeProfile: true)
        @alias
    }
  }
}

fragment fragmentOnQueryWithCycle_Profile on User
@argumentDefinitions(includeProfile: {type: "Boolean!", defaultValue: false}) {
  global_id
  name
  profilePicture(size: $pictureSize) @include(if: $includeProfile) {
    uri
  }
  friends(first: $count) {
    edges {
      node {
        ...fragmentOnQueryWithCycle_Profile @alias
      }
    }
  }
}
==================================== ERROR ====================================
✖︎ Found a circular reference from fragment 'fragmentOnQueryWithCycle_Profile'.

  fragment-on-query-with-cycle.invalid.graphql:26:12
   25 │       node {
   26 │         ...fragmentOnQueryWithCycle_Profile @alias
      │            ^^^^^^^^^^^^^^^^^^^^^^^^^^^^^^^^
   27 │       }

  ℹ︎ other member of the cycle

  fragment-on-query-with-cycle.invalid.graphql:2:10
    1 │ # expected-to-throw
    2 │ fragment fragmentOnQueryWithCycle_RefetchableFragment on Query
      │          ^^^^^^^^^^^^^^^^^^^^^^^^^^^^^^^^^^^^^^^^^^^^
    3 │ @refetchable(queryName: "RefetchableFragmentQuery")

  ℹ︎ other member of the cycle

  fragment-on-query-with-cycle.invalid.graphql:9:10
    8 │       name
    9 │       ...fragmentOnQueryWithCycle_Profile
      │          ^^^^^^^^^^^^^^^^^^^^^^^^^^^^^^^^
   10 │         @arguments(includeProfile: true)

  ℹ︎ other member of the cycle

  fragment-on-query-with-cycle.invalid.graphql:26:12
   25 │       node {
   26 │         ...fragmentOnQueryWithCycle_Profile @alias
      │            ^^^^^^^^^^^^^^^^^^^^^^^^^^^^^^^^
   27 │       }
