==================================== INPUT ====================================
/**
 * Copyright (c) Meta Platforms, Inc. and affiliates.
 *
 * This source code is licensed under the MIT license found in the
 * LICENSE file in the root directory of this source tree.
 */

//- module.js

import {graphql} from 'relay-runtime';
import {readFragment} from 'relay-runtime/store/ResolverFragments';

import type {CatIsHungryFragment$key} from 'CatIsHungryFragment.graphql';

/**
 * @RelayResolver
 */
export function full_name(key: CatIsHungryFragment$key): string {
  const cat = readFragment(graphql`
    fragment CatIsHungryFragment on Cat {
      first_name
      last_name
    }
  `, key);

  return `${first_name} ${last_name}`;
}
==================================== OUTPUT ===================================
