==================================== INPUT ====================================
/**
 * Copyright (c) Meta Platforms, Inc. and affiliates.
 *
 * This source code is licensed under the MIT license found in the
 * LICENSE file in the root directory of this source tree.
 */

//- module.js

import type CatFlowType from 'Cat';

/**
 * @RelayResolver
 */
export function Cat(id: DataID): CatFlowType {
  return {};
}


/**
 * @RelayResolver
 */
export function name(cat: CatFlowType): string {
  return "cat";
}


/**
 * @RelayResolver is_hungry
 */
export function hungry(cat: CatFlowType): number {
  return 5;
}
==================================== OUTPUT ===================================
StrongObjectIr {
    type_name: Identifier {
        span: 272:275,
        token: Token {
            span: 272:275,
            kind: Identifier,
        },
        value: "Cat",
    },
    rhs_location: module.js:272:275,
    root_fragment: WithLocation {
        location: module.js:272:275,
        item: FragmentDefinitionName(
            "Cat",
        ),
    },
    description: None,
    deprecated: None,
    live: None,
    location: module.js:272:275,
    implements_interfaces: [],
    source_hash: ResolverSourceHash(
        "09dcae06200cddceb5b4fde5706f8a47",
    ),
}

TerseRelayResolverIr {
    field: FieldDefinition {
        name: Identifier {
            span: 362:366,
            token: Token {
                span: 362:366,
                kind: Identifier,
            },
            value: "name",
        },
        type_: NonNull(
            NonNullTypeAnnotation {
                span: 386:392,
                type_: Named(
                    NamedTypeAnnotation {
                        name: Identifier {
                            span: 386:392,
                            token: Token {
                                span: 386:392,
                                kind: Identifier,
                            },
                            value: "String",
                        },
                    },
                ),
                exclamation: Token {
                    span: 0:0,
                    kind: Empty,
                },
            },
        ),
        arguments: None,
        directives: [],
        description: None,
        hack_source: None,
        span: 362:366,
    },
    type_: WithLocation {
        location: <generated>:272:275,
        item: "Cat",
    },
    root_fragment: None,
    deprecated: None,
    live: None,
    location: module.js:362:366,
    fragment_arguments: None,
    source_hash: ResolverSourceHash(
        "09dcae06200cddceb5b4fde5706f8a47",
    ),
}

TerseRelayResolverIr {
    field: FieldDefinition {
        name: Identifier {
            span: 20:29,
            token: Token {
                span: 20:29,
                kind: Identifier,
            },
            value: "is_hungry",
        },
        type_: NonNull(
            NonNullTypeAnnotation {
                span: 493:499,
                type_: Named(
                    NamedTypeAnnotation {
                        name: Identifier {
                            span: 493:499,
                            token: Token {
                                span: 493:499,
                                kind: Identifier,
                            },
                            value: "Float",
                        },
                    },
                ),
                exclamation: Token {
                    span: 0:0,
                    kind: Empty,
                },
            },
        ),
        arguments: None,
        directives: [],
        description: None,
        hack_source: None,
        span: 20:29,
    },
    type_: WithLocation {
        location: <generated>:272:275,
        item: "Cat",
    },
    root_fragment: None,
    deprecated: None,
    live: None,
    location: module.js:20:29,
    fragment_arguments: None,
    source_hash: ResolverSourceHash(
        "09dcae06200cddceb5b4fde5706f8a47",
    ),
}
