==================================== INPUT ====================================
query TestRootField($id: ID!) {
  node(id: $id) @live {
    id
  }
}

query TestFragmentSpread($id: ID!) {
  node(id: $id) {
    id
    ... on User @live {
      birthdate {
        day
      }
    }
  }
}

query TestInlineFragment($id: ID!) {
  node(id: $id) {
    id
    ... UserBirthdate @live
  }
}

fragment UserBirthdate on User {
  birthdate {
    day
  }
}

query TestLinkedField($id: ID!) {
  node(id: $id) {
    id
    ... on User {
      birthdate @live {
        day
      }
    }
  }
}
==================================== OUTPUT ===================================
query TestFragmentSpread(
  $id: ID!
) @__metadata(live: {config_id: ""}) {
  node(id: $id) {
    id
    ... on User @live {
      birthdate {
        day
      }
    }
  }
}

query TestInlineFragment(
  $id: ID!
) @__metadata(live: {config_id: ""}) {
  node(id: $id) {
    id
    ...UserBirthdate @live
  }
}

query TestLinkedField(
  $id: ID!
) @__metadata(live: {config_id: ""}) {
  node(id: $id) {
    id
    ... on User {
      birthdate @live {
        day
      }
    }
  }
}

query TestRootField(
  $id: ID!
) @__metadata(live: {config_id: ""}) {
  node(id: $id) @live {
    id
  }
}

fragment UserBirthdate on User {
  birthdate {
    day
  }
}
