==================================== INPUT ====================================
query AppQuery @raw_response_type {
  me {
    ...AppFragment1
    ...AppFragment2
  }
}

fragment AppFragment1 on User {
  firstName
}

fragment AppFragment2 on User {
  firstName
  actor_key
}
==================================== OUTPUT ===================================
import { FragmentRefs } from "relay-runtime";
export type AppQuery$variables = Record<PropertyKey, never>;
export type AppQuery$data = {
  readonly me: {
    readonly " $fragmentSpreads": FragmentRefs<"AppFragment1" | "AppFragment2">;
  } | null | undefined;
};
export type AppQuery$rawResponse = {
  readonly me: {
    readonly actor_key: string;
    readonly firstName: string | null | undefined;
    readonly id: string;
  } | null | undefined;
};
export type AppQuery = {
  rawResponse: AppQuery$rawResponse;
  response: AppQuery$data;
  variables: AppQuery$variables;
};
-------------------------------------------------------------------------------
import { FragmentRefs } from "relay-runtime";
export type AppFragment1$data = {
  readonly firstName: string | null | undefined;
  readonly " $fragmentType": "AppFragment1";
};
export type AppFragment1$key = {
  readonly " $data"?: AppFragment1$data;
  readonly " $fragmentSpreads": FragmentRefs<"AppFragment1">;
};
-------------------------------------------------------------------------------
import { FragmentRefs } from "relay-runtime";
export type AppFragment2$data = {
  readonly actor_key: string;
  readonly firstName: string | null | undefined;
  readonly " $fragmentType": "AppFragment2";
};
export type AppFragment2$key = {
  readonly " $data"?: AppFragment2$data;
  readonly " $fragmentSpreads": FragmentRefs<"AppFragment2">;
};
