==================================== INPUT ====================================
query UpdatableQuery @updatable {
  me {
    actor {
      ...Assignable_page @alias
      ...Assignable_node @alias
      lastName
      name
    }
  }
}

fragment Assignable_node on Node @assignable {
  __typename
}

fragment Assignable_page on Page @assignable {
  __typename
}
==================================== OUTPUT ===================================
import { FragmentRefs } from "relay-runtime";
export type UpdatableQuery$variables = Record<PropertyKey, never>;
export type UpdatableQuery$data = {
  get me(): {
    get actor(): {
      lastName: string | null | undefined;
      name: string | null | undefined;
      get Assignable_node(): Record<PropertyKey, never> | null | undefined;
      set Assignable_node(value: {
        readonly __id: string;
        readonly __isAssignable_node: string;
        readonly " $fragmentSpreads": FragmentRefs<"Assignable_node">;
      } | null | undefined);
      get Assignable_page(): Record<PropertyKey, never> | null | undefined;
      set Assignable_page(value: {
        readonly __typename: "Page";
        readonly __id: string;
        readonly " $fragmentSpreads": FragmentRefs<"Assignable_page">;
      } | null | undefined);
    } | null | undefined;
    set actor(value: null | undefined);
  } | null | undefined;
  set me(value: null | undefined);
};
export type UpdatableQuery = {
  response: UpdatableQuery$data;
  variables: UpdatableQuery$variables;
};
-------------------------------------------------------------------------------
import { FragmentRefs } from "relay-runtime";
-------------------------------------------------------------------------------
import { FragmentRefs } from "relay-runtime";
