==================================== INPUT ====================================
# relay-resolver-enable-interface-output-type

fragment inlineFragmentWithoutTypeConditionOnInterfaceFragment on Cat {
    ... {
        description
        name
    }
}

# %extensions%

interface Cat {
    description: String
    name: String
}

type Tabby implements Cat {
    description: String @relay_resolver(import_path: "TabbyResolver")
    name: String
}

type Persian implements Cat {
    description: String
    name: String
}

extend type Query {
    cat: Cat
}
==================================== OUTPUT ===================================
fragment inlineFragmentWithoutTypeConditionOnInterfaceFragment on Cat {
  ... on Tabby {
    ... {
      description
      name
    }
  }
  ... on Persian {
    ... {
      description
      name
    }
  }
}
