==================================== INPUT ====================================
#expected-to-throw
fragment UserProfile on User {
  profilePicture {
    ...PhotoFragment @relay(mask: false)
  }
}

fragment PhotoFragment on Image @inline {
  uri
}
==================================== ERROR ====================================
✖︎ Cannot use @relay(mask: false) on fragment spreads for fragments with directives.

  unmasked-spread-with-directive.invalid.graphql:4:8
    3 │   profilePicture {
    4 │     ...PhotoFragment @relay(mask: false)
      │        ^^^^^^^^^^^^^
    5 │   }

  ℹ︎ related 'inline' directive

  unmasked-spread-with-directive.invalid.graphql:8:33
    7 │ 
    8 │ fragment PhotoFragment on Image @inline {
      │                                 ^^^^^^^
    9 │   uri
