==================================== INPUT ====================================
/**
 * Copyright (c) Meta Platforms, Inc. and affiliates.
 *
 * This source code is licensed under the MIT license found in the
 * LICENSE file in the root directory of this source tree.
 */

// expected-to-throw

/**
 * @RelayResolver User.favorite_page: [Page!]
 * @rootFragment myRootFragment
 *
 * The user's favorite page! They probably clicked something in the UI
 * to tell us that it was their favorite page and then we put that in a
 * database or something. Then we got that info out again and put it out
 * again. Anyway, I'm rambling now. Its a page that the user likes. A lot.
 */

graphql`
 fragment myRootFragment on User {
   name
 }
`
==================================== ERROR ====================================
✖︎ Unexpected Relay Resolver field returning list with non-nullable items. Relay expects all plural Resolver fields to have nullable items since errors thrown by Resolvers are turned into `null` values.

  /path/to/test/fixture/edge-to-non-null-plural-item.invalid.js:11:39
   10 │ *
   11 │  * @RelayResolver User.favorite_page: [Page!]
      │                                       ^^^^^^^
   12 │  * @rootFragment myRootFragment
