==================================== INPUT ====================================
/**
 * Copyright (c) Meta Platforms, Inc. and affiliates.
 *
 * This source code is licensed under the MIT license found in the
 * LICENSE file in the root directory of this source tree.
 */

// expected-to-throw

/**
 * @RelayResolver ClientUser Foo Baz Baz Abracadabra
 */
==================================== ERROR ====================================
✖︎ The compiler attempted to parse "ClientUser Foo Baz Baz Abracadabra" as a GraphQL type (e.g. `Viewer` or `User`), but had unparsed characters remaining. Try removing everything after "ClientUser".

  /path/to/test/fixture/relay-resolver-strong-object-with-gibberish.invalid.js:11:19
   10 │ *
   11 │  * @RelayResolver ClientUser Foo Baz Baz Abracadabra
      │                   ^^^^^^^^^^^^^^^^^^^^^^^^^^^^^^^^^^
   12 │
