==================================== INPUT ====================================
/**
 * Copyright (c) Meta Platforms, Inc. and affiliates.
 *
 * This source code is licensed under the MIT license found in the
 * LICENSE file in the root directory of this source tree.
 */

// expected-to-throw

/**
 * @RelayResolver ClientUser implements Foo
 */
==================================== ERROR ====================================
✖︎ implements Interface syntax is not yet supported on strong objects

  /path/to/test/fixture/relay-resolver-strong-object-with-implements.invalid.js:11:19
   10 │ *
   11 │  * @RelayResolver ClientUser implements Foo
      │                   ^^^^^^^^^^^^^^^^^^^^^^^^^
   12 │
