==================================== INPUT ====================================
#expected-to-throw
query TestQuery @exec_time_resolvers {
  me {
    ...UserFragment
  }
}

fragment UserFragment on User {
  best_friend @waterfall {
    name
  }
}

fragment BestFriendResolverFragment_name on User {
  __typename
}

# %extensions%

extend type User {
  best_friend: User @relay_resolver(fragment_name: "BestFriendResolverFragment_name", import_path: "BestFriendResolver")
}
==================================== ERROR ====================================
✖︎ Client to server edges are not supported in exec time resolvers. Please consider disable exec time resolver on the query for now, or not using client to server edges.

  client-edge-in-fragment-with-exec-time-resolvers.invalid.graphql:9:3
    8 │ fragment UserFragment on User {
    9 │   best_friend @waterfall {
      │   ^^^^^^^^^^^
   10 │     name
