==================================== INPUT ====================================
{
  "type_name": "PersonalityTraits"
}
==================================== OUTPUT ===================================
enum PersonalityTraits { CHEERFUL, DERISIVE, HELPFUL, SNARKY }
