==================================== INPUT ====================================
{
  "type_name": "GlobalID"
}
==================================== OUTPUT ===================================
scalar GlobalID
