==================================== INPUT ====================================
{
  "type_name": "MaybeNode"
}
==================================== OUTPUT ===================================
union MaybeNode = Story | FakeNode | NonNode
