==================================== INPUT ====================================
query MyQuery @throwOnFieldError {
  my_field @required(action: LOG) {
    some_field @required(action: LOG)
  }
}

# %extensions%
extend type Query {
  my_field: MyType @semanticNonNull
}

type MyType {
  some_field: Int
}
==================================== OUTPUT ===================================
OK; warnings: ℹ Unexpected `@required` directive on a `@semanticNonNull` field within a `@throwOnFieldError` or `@catch` selection. Such fields are already non-null and do not need the `@required` directive.

  required_bubbles_to_required_semantic_field.graphql:2:12
    1 │ query MyQuery @throwOnFieldError {
    2 │   my_field @required(action: LOG) {
      │            ^^^^^^^^^^^^^^^^^^^^^^
    3 │     some_field @required(action: LOG)
