==================================== INPUT ====================================
# expected-to-throw

schema {
  query: Query
}

type Query {
  foo: MyType
}

type MyType {
  id: ID!
}

# Invalid accoring to spec:
# > The named type must already be defined and must be an Union type.
# -- https://spec.graphql.org/June2018/#InterfaceTypeExtension
extend union MyUnion = MyType

union MyUnion
==================================== ERROR ====================================
✖︎ Cannot extend type 'MyUnion', the type is not defined on the server schema.

  extend-union-before-define.graphql:18:14
   17 │ # -- https://spec.graphql.org/June2018/#InterfaceTypeExtension
   18 │ extend union MyUnion = MyType
      │              ^^^^^^^
   19 │
