==================================== INPUT ====================================
# expected-to-throw

type Foo {
  name: String
}

interface Foo {
  name: String
}
==================================== ERROR ====================================
✖︎ Duplicate definition for type 'Foo'.

  <generated>:7:11
    6 │ 
    7 │ interface Foo {
      │           ^^^
    8 │   name: String
